Change Dir: 'C:/Users/Latitude 5550/CLionProjects/untitled5/cmake-build-debug'

Run Build Command(s): "C:/Program Files/JetBrains/CLion 2025.3.3/bin/ninja/win/x64/ninja.exe" -v untitled5
[1/2] C:\PROGRA~1\JETBRA~1\CLION2~1.3\bin\mingw\bin\G__~1.EXE -DMINGW_HAS_SECURE_API=1 -DQT_CORE_LIB -DQT_GUI_LIB -DQT_WIDGETS_LIB -DUNICODE -DWIN32 -DWIN64 -D_ENABLE_EXTENDED_ALIGNED_STORAGE -D_UNICODE -D_WIN64 -isystem "C:/Users/Latitude 5550/CLionProjects/untitled5/cmake-build-debug/untitled5_autogen/include" -isystem C:/Qt/6.10.2/mingw_64/include/QtCore -isystem C:/Qt/6.10.2/mingw_64/include -isystem C:/Qt/6.10.2/mingw_64/mkspecs/win32-g++ -isystem C:/Qt/6.10.2/mingw_64/include/QtGui -isystem C:/Qt/6.10.2/mingw_64/include/QtWidgets -g -std=gnu++20 -fdiagnostics-color=always -MD -MT CMakeFiles/untitled5.dir/Model/Node.cpp.obj -MF CMakeFiles\untitled5.dir\Model\Node.cpp.obj.d -o CMakeFiles/untitled5.dir/Model/Node.cpp.obj -c "C:/Users/Latitude 5550/CLionProjects/untitled5/Model/Node.cpp"
FAILED: CMakeFiles/untitled5.dir/Model/Node.cpp.obj 
C:\PROGRA~1\JETBRA~1\CLION2~1.3\bin\mingw\bin\G__~1.EXE -DMINGW_HAS_SECURE_API=1 -DQT_CORE_LIB -DQT_GUI_LIB -DQT_WIDGETS_LIB -DUNICODE -DWIN32 -DWIN64 -D_ENABLE_EXTENDED_ALIGNED_STORAGE -D_UNICODE -D_WIN64 -isystem "C:/Users/Latitude 5550/CLionProjects/untitled5/cmake-build-debug/untitled5_autogen/include" -isystem C:/Qt/6.10.2/mingw_64/include/QtCore -isystem C:/Qt/6.10.2/mingw_64/include -isystem C:/Qt/6.10.2/mingw_64/mkspecs/win32-g++ -isystem C:/Qt/6.10.2/mingw_64/include/QtGui -isystem C:/Qt/6.10.2/mingw_64/include/QtWidgets -g -std=gnu++20 -fdiagnostics-color=always -MD -MT CMakeFiles/untitled5.dir/Model/Node.cpp.obj -MF CMakeFiles\untitled5.dir\Model\Node.cpp.obj.d -o CMakeFiles/untitled5.dir/Model/Node.cpp.obj -c "C:/Users/Latitude 5550/CLionProjects/untitled5/Model/Node.cpp"
ninja: build stopped: subcommand failed.

